../Core/Src/main.c:72:6:apagar	24	static
../Core/Src/main.c:78:6:corretor	80	static
../Core/Src/main.c:101:5:contDigitos	24	static
../Core/Src/main.c:112:6:negative	40	static
../Core/Src/main.c:124:6:reverse	32	static
../Core/Src/main.c:141:5:intToStr	32	static
../Core/Src/main.c:160:6:ftoa	48	static
../Core/Src/main.c:225:8:soma	32	static
../Core/Src/main.c:230:8:sub	32	static
../Core/Src/main.c:235:8:mult	32	static
../Core/Src/main.c:240:8:divi	32	static
../Core/Src/main.c:245:8:pot	32	static
../Core/Src/main.c:250:8:raiz	32	static
../Core/Src/main.c:255:5:fat	16	static
../Core/Src/main.c:263:8:logarit	24	static
../Core/Src/main.c:268:8:expon	24	static
../Core/Src/main.c:278:5:conc	40	static
../Core/Src/main.c:295:5:main	232	static
../Core/Src/main.c:791:6:SystemClock_Config	104	static
../Core/Src/main.c:834:13:MX_SPI1_Init	8	static
../Core/Src/main.c:874:13:MX_USART1_UART_Init	8	static
../Core/Src/main.c:909:13:MX_GPIO_Init	48	static
../Core/Src/main.c:963:6:Error_Handler	8	static,ignoring_inline_asm
